\BOOKMARK [0][-]{titlepage.0}{\376\377\134\001\227\142}{}% 1
\BOOKMARK [0][-]{statement.0}{\376\377\130\360\146\016}{}% 2
\BOOKMARK [0][-]{abstractcn.0}{\376\377\144\130\211\201}{}% 3
\BOOKMARK [0][-]{abstracten.0}{\376\377\000A\000b\000s\000t\000r\000a\000c\000t}{}% 4
\BOOKMARK [0][-]{toc.0}{\376\377\166\356\137\125}{}% 5
\BOOKMARK [0][-]{chapter.1}{\376\377\0001\000\040\000\040\176\352\213\272}{}% 6
\BOOKMARK [1][-]{section.1.1}{\376\377\0001\000.\0001\000\040\170\024\172\166\200\314\146\157\116\016\141\017\116\111}{chapter.1}% 7
\BOOKMARK [1][-]{section.1.2}{\376\377\0001\000.\0002\000\040\116\073\211\201\170\024\172\166\121\205\133\271}{chapter.1}% 8
\BOOKMARK [1][-]{section.1.3}{\376\377\0001\000.\0003\000\040\116\073\211\201\211\343\121\263\166\204\225\356\230\230}{chapter.1}% 9
\BOOKMARK [0][-]{chapter.2}{\376\377\0002\000\040\000\040\137\000\123\321\150\106\147\266\123\312\142\200\147\057}{}% 10
\BOOKMARK [1][-]{section.2.1}{\376\377\0002\000.\0001\000\040\122\115\172\357\137\000\123\321\142\200\147\057}{chapter.2}% 11
\BOOKMARK [2][-]{subsection.2.1.1}{\376\377\0002\000.\0001\000.\0001\000\040\000V\000u\000e\0003}{section.2.1}% 12
\BOOKMARK [2][-]{subsection.2.1.2}{\376\377\0002\000.\0001\000.\0002\000\040\000N\000u\000x\000t\0003}{section.2.1}% 13
\BOOKMARK [2][-]{subsection.2.1.3}{\376\377\0002\000.\0001\000.\0003\000\040\000T\000h\000r\000e\000e\000.\000j\000s}{section.2.1}% 14
\BOOKMARK [1][-]{section.2.2}{\376\377\0002\000.\0002\000\040\124\016\172\357\137\000\123\321\142\200\147\057}{chapter.2}% 15
\BOOKMARK [2][-]{subsection.2.2.1}{\376\377\0002\000.\0002\000.\0001\000\040\000G\000o\213\355\212\000}{section.2.2}% 16
\BOOKMARK [2][-]{subsection.2.2.2}{\376\377\0002\000.\0002\000.\0002\000\040\000G\000i\000n\150\106\147\266}{section.2.2}% 17
\BOOKMARK [2][-]{subsection.2.2.3}{\376\377\0002\000.\0002\000.\0003\000\040\000R\000e\000d\000i\000s}{section.2.2}% 18
\BOOKMARK [0][-]{chapter.3}{\376\377\0003\000\040\000\040\227\000\154\102\122\006\147\220}{}% 19
\BOOKMARK [1][-]{section.3.1}{\376\377\0003\000.\0001\000\040\227\000\154\102\122\006\147\220\151\202\217\360}{chapter.3}% 20
\BOOKMARK [1][-]{section.3.2}{\376\377\0003\000.\0002\000\040\174\373\176\337\165\050\142\067\123\312\165\050\117\213\122\006\147\220}{chapter.3}% 21
\BOOKMARK [2][-]{subsection.3.2.1}{\376\377\0003\000.\0002\000.\0001\000\040\146\156\220\032\165\050\142\067}{section.3.2}% 22
\BOOKMARK [2][-]{subsection.3.2.2}{\376\377\0003\000.\0002\000.\0002\000\040\174\373\176\337\173\241\164\006\124\130}{section.3.2}% 23
\BOOKMARK [1][-]{section.3.3}{\376\377\0003\000.\0003\000\040\116\073\211\201\122\237\200\375\227\000\154\102}{chapter.3}% 24
\BOOKMARK [1][-]{section.3.4}{\376\377\0003\000.\0004\000\040\174\373\176\337\145\160\143\156\227\000\154\102}{chapter.3}% 25
\BOOKMARK [2][-]{subsection.3.4.1}{\376\377\0003\000.\0004\000.\0001\000\040\145\160\143\156\155\101\126\376}{section.3.4}% 26
\BOOKMARK [2][-]{subsection.3.4.2}{\376\377\0003\000.\0004\000.\0002\000\040\145\160\143\156\230\171}{section.3.4}% 27
\BOOKMARK [0][-]{chapter.4}{\376\377\0004\000\040\000\040\174\373\176\337\213\276\213\241}{}% 28
\BOOKMARK [1][-]{section.4.1}{\376\377\0004\000.\0001\000\040\174\373\176\337\140\073\117\123\213\276\213\241}{chapter.4}% 29
\BOOKMARK [2][-]{subsection.4.1.1}{\376\377\0004\000.\0001\000.\0001\000\040\174\373\176\337\147\266\147\204\213\276\213\241}{section.4.1}% 30
\BOOKMARK [2][-]{subsection.4.1.2}{\376\377\0004\000.\0001\000.\0002\000\040\174\373\176\337\122\237\200\375\176\323\147\204\213\276\213\241}{section.4.1}% 31
\BOOKMARK [1][-]{section.4.2}{\376\377\0004\000.\0002\000\040\174\373\176\337\122\237\200\375\152\041\127\127\213\276\213\241}{chapter.4}% 32
\BOOKMARK [2][-]{subsection.4.2.1}{\376\377\0004\000.\0002\000.\0001\000\040\165\050\142\067\116\016\147\103\226\120\152\041\127\127}{section.4.2}% 33
\BOOKMARK [2][-]{subsection.4.2.2}{\376\377\0004\000.\0002\000.\0002\000\040\0003\000D\000\040\147\015\210\305\133\232\122\066\152\041\127\127}{section.4.2}% 34
\BOOKMARK [2][-]{subsection.4.2.3}{\376\377\0004\000.\0002\000.\0003\000\040\0